[2026-04-30 22:48:55] n_episodes=30 × train_days=1510 -> timesteps=45300
[2026-04-30 22:48:55] [tune] start trials=10 timesteps_per_trial=45300 seed=42 optuna_n_jobs=3
[2026-04-30 23:07:46] [tune] best_params={'learning_rate': 0.0003632768071188918, 'batch_size': 256, 'gamma': 0.9533060450246198, 'tau': 0.005680191110882281, 'noise_sigma': 0.21499066370608327}
[2026-04-30 23:07:46] [mp] start seeds=3 workers=3
[2026-04-30 23:07:49] [seed=42] train start (timesteps=45300)
[2026-04-30 23:07:49] [seed=43] train start (timesteps=45300)
[2026-04-30 23:07:49] [seed=44] train start (timesteps=45300)
[2026-04-30 23:12:05] [seed=43] trade start
[2026-04-30 23:12:05] [seed=44] trade start
[2026-04-30 23:12:05] [seed=42] trade start
[2026-04-30 23:12:08] [seed=43] done; metrics=outputs/ddpg_report/seed_43/ddpg_model_metrics.json
[2026-04-30 23:12:08] [mp] completed 1/3 seeds
[2026-04-30 23:12:08] [seed=44] done; metrics=outputs/ddpg_report/seed_44/ddpg_model_metrics.json
[2026-04-30 23:12:08] [mp] completed 2/3 seeds
[2026-04-30 23:12:08] [seed=42] done; metrics=outputs/ddpg_report/seed_42/ddpg_model_metrics.json
[2026-04-30 23:12:08] [mp] completed 3/3 seeds
[2026-04-30 23:12:09] [aggregate] wrote outputs/ddpg_report/aggregate_metrics.json
[2026-04-30 23:12:09] --- Summary ---
[2026-04-30 23:12:09] Algorithm: DDPG
[2026-04-30 23:12:09] Seeds: [42, 43, 44]
[2026-04-30 23:12:09] Hyperparams (tuned with seed 42): {'learning_rate': 0.0003632768071188918, 'batch_size': 256, 'gamma': 0.9533060450246198, 'tau': 0.005680191110882281, 'noise_sigma': 0.21499066370608327}
[2026-04-30 23:12:09] Elapsed: 1394.2s
