[2026-04-30 22:48:55] n_episodes=30 × train_days=1510 -> timesteps=45300
[2026-04-30 22:48:55] [tune] start trials=10 timesteps_per_trial=45300 seed=42 optuna_n_jobs=3
[2026-04-30 23:07:20] [tune] best_params={'learning_rate': 0.00023149905732384736, 'batch_size': 64, 'gamma': 0.9616473688768062, 'tau': 0.0053722244299599506, 'noise_sigma': 0.2905447315972645}
[2026-04-30 23:07:20] [mp] start seeds=3 workers=3
[2026-04-30 23:07:23] [seed=42] train start (timesteps=45300)
[2026-04-30 23:07:23] [seed=43] train start (timesteps=45300)
[2026-04-30 23:07:23] [seed=44] train start (timesteps=45300)
[2026-04-30 23:10:18] [seed=43] trade start
[2026-04-30 23:10:21] [seed=44] trade start
[2026-04-30 23:10:21] [seed=42] trade start
[2026-04-30 23:10:22] [seed=43] done; metrics=outputs/td3_report/seed_43/td3_model_metrics.json
[2026-04-30 23:10:22] [mp] completed 1/3 seeds
[2026-04-30 23:10:25] [seed=44] done; metrics=outputs/td3_report/seed_44/td3_model_metrics.json
[2026-04-30 23:10:25] [seed=42] done; metrics=outputs/td3_report/seed_42/td3_model_metrics.json
[2026-04-30 23:10:25] [mp] completed 2/3 seeds
[2026-04-30 23:10:25] [mp] completed 3/3 seeds
[2026-04-30 23:10:25] [aggregate] wrote outputs/td3_report/aggregate_metrics.json
[2026-04-30 23:10:25] --- Summary ---
[2026-04-30 23:10:25] Algorithm: TD3
[2026-04-30 23:10:25] Seeds: [42, 43, 44]
[2026-04-30 23:10:25] Hyperparams (tuned with seed 42): {'learning_rate': 0.00023149905732384736, 'batch_size': 64, 'gamma': 0.9616473688768062, 'tau': 0.0053722244299599506, 'noise_sigma': 0.2905447315972645}
[2026-04-30 23:10:25] Elapsed: 1290.6s
